apiVersion: networking.x-k8s.io/v1alpha1
kind: GatewayClass
metadata:
  creationTimestamp: null
  name: istio
  namespace: default
spec: null
status:
  conditions:
  - lastTransitionTime: fake
    message: Handled by Istio controller
    reason: Handled
    status: "True"
    type: Admitted
---
apiVersion: networking.x-k8s.io/v1alpha1
kind: Gateway
metadata:
  creationTimestamp: null
  name: gateway
  namespace: istio-system
spec: null
status:
  addresses:
  - type: IPAddress
    value: 1.2.3.4
  conditions:
  - lastTransitionTime: fake
    message: Gateway valid, assigned to service(s) istio-ingressgateway.istio-system.svc.domain.suffix:80
    reason: GatewayValid
    status: "True"
    type: Ready
  - lastTransitionTime: fake
    message: Resources available
    reason: ResourcesAvailable
    status: "True"
    type: Scheduled
  listeners:
  - conditions:
    - lastTransitionTime: fake
      message: No error found
      reason: ListenerReady
      status: "True"
      type: Ready
    hostname: '*.domain.example'
    port: 80
    protocol: HTTP
---
apiVersion: networking.x-k8s.io/v1alpha1
kind: HTTPRoute
metadata:
  creationTimestamp: null
  name: http
  namespace: default
spec: null
status:
  gateways:
  - conditions:
    - lastTransitionTime: fake
      message: Route was valid
      reason: RouteAdmitted
      status: "True"
      type: Admitted
    gatewayRef:
      controller: istio.io/gateway-controller
      name: gateway-istio-autogenerated-k8s-gateway
      namespace: istio-system
---
apiVersion: networking.x-k8s.io/v1alpha1
kind: HTTPRoute
metadata:
  creationTimestamp: null
  name: http2
  namespace: default
spec: null
status:
  gateways:
  - conditions:
    - lastTransitionTime: fake
      message: Route was valid
      reason: RouteAdmitted
      status: "True"
      type: Admitted
    gatewayRef:
      controller: istio.io/gateway-controller
      name: gateway-istio-autogenerated-k8s-gateway
      namespace: istio-system
---
apiVersion: networking.x-k8s.io/v1alpha1
kind: HTTPRoute
metadata:
  creationTimestamp: null
  name: http-not-selected
  namespace: default
spec: null
status:
  gateways: null
---
