apiVersion: networking.istio.io/v1alpha3
kind: Gateway
metadata:
  annotations:
    internal.istio.io/gateway-semantics: gateway
    internal.istio.io/gateway-service: istio-ingressgateway.istio-system.svc.domain.suffix
    internal.istio.io/parents: Gateway/parent/default.istio-system
  creationTimestamp: null
  name: parent-istio-autogenerated-k8s-gateway-default
  namespace: istio-system
spec:
  servers:
  - hosts:
    - istio-system/parent.example.com
    port:
      name: default
      number: 80
      protocol: HTTP
---
apiVersion: networking.istio.io/v1alpha3
kind: Gateway
metadata:
  annotations:
    internal.istio.io/gateway-semantics: gateway
    internal.istio.io/gateway-service: istio-ingressgateway.istio-system.svc.domain.suffix
    internal.istio.io/parents: Gateway/parent/child1.istio-system
  creationTimestamp: null
  name: parent-istio-autogenerated-k8s-gateway-child1
  namespace: istio-system
spec:
  servers:
  - hosts:
    - istio-system/child.example.com
    port:
      name: default
      number: 80
      protocol: HTTP
---
