apiVersion: networking.istio.io/v1alpha3
kind: VirtualService
metadata:
  annotations:
    internal.istio.io/parent: HTTPRoute/same.default
  creationTimestamp: null
  name: same-0-istio-autogenerated-k8s-gateway
  namespace: default
spec:
  gateways:
  - mesh
  hosts:
  - echo.default.svc.cluster.local
  http:
  - route:
    - destination:
        host: echo.default.svc.domain.suffix
        port:
          number: 80
---
apiVersion: networking.istio.io/v1alpha3
kind: VirtualService
metadata:
  annotations:
    internal.istio.io/parent: HTTPRoute/other.default
  creationTimestamp: null
  name: other-0-istio-autogenerated-k8s-gateway
  namespace: default
spec:
  gateways:
  - mesh
  hosts:
  - echo.other.svc.cluster.local
  http:
  - route:
    - destination:
        host: example.default.svc.domain.suffix
        port:
          number: 80
---
apiVersion: networking.istio.io/v1alpha3
kind: VirtualService
metadata:
  annotations:
    internal.istio.io/parent: HTTPRoute/dual.default
  creationTimestamp: null
  name: dual-0-istio-autogenerated-k8s-gateway
  namespace: default
spec:
  gateways:
  - mesh
  hosts:
  - echo.default.svc.cluster.local
  http:
  - route:
    - destination:
        host: example.default.svc.domain.suffix
        port:
          number: 80
---
apiVersion: networking.istio.io/v1alpha3
kind: VirtualService
metadata:
  annotations:
    internal.istio.io/parent: HTTPRoute/dual.default
  creationTimestamp: null
  name: dual-1-istio-autogenerated-k8s-gateway
  namespace: default
spec:
  gateways:
  - mesh
  hosts:
  - echo.other.svc.cluster.local
  http:
  - route:
    - destination:
        host: example.default.svc.domain.suffix
        port:
          number: 80
---
