apiVersion: networking.istio.io/v1alpha3
kind: VirtualService
metadata:
  creationTimestamp: null
  name: http-istio-autogenerated-k8s-gateway
  namespace: default
spec:
  gateways:
  - mesh
  hosts:
  - first.domain.example
  http:
  - match:
    - uri:
        prefix: /get
    route:
    - destination:
        host: httpbin.default.svc.cluster.local
        port:
          number: 80
---
