apiVersion: networking.x-k8s.io/v1alpha1
kind: GatewayClass
metadata:
  creationTimestamp: null
  name: istio
  namespace: default
spec: null
status:
  conditions:
  - lastTransitionTime: fake
    message: Handled by Istio controller
    reason: Handled
    status: "True"
    type: Admitted
---
apiVersion: networking.x-k8s.io/v1alpha1
kind: Gateway
metadata:
  creationTimestamp: null
  name: gateway
  namespace: default
spec: null
status:
  conditions:
  - lastTransitionTime: fake
    message: 'failed to assign to all requested addresses: hostname "istio-ingressgateway.default.svc.domain.suffix"
      not found; hostname "istio-ingressgateway.not-default.svc.domain.suffix" not
      found; hostname "example.com" not found in namespace "default", but it was found
      in namespace(s) "istio-system"'
    reason: AddressNotAssigned
    status: "True"
    type: Ready
  - lastTransitionTime: fake
    message: Resources available
    reason: ResourcesAvailable
    status: "True"
    type: Scheduled
  listeners:
  - conditions:
    - lastTransitionTime: fake
      message: No error found
      reason: ListenerReady
      status: "True"
      type: Ready
    hostname: '*.domain.example'
    port: 80
    protocol: HTTP
---
